<?xml version="1.0" encoding="UTF-8"?>
<TestRun id="bb072fc8-93bb-4870-9d68-95f0725fb674" name="user@USER-PC 2013-04-23 22:48:42" runUser="user-PC\user" xmlns="http://microsoft.com/schemas/VisualStudio/TeamTest/2010">
  <TestSettings name="Локальные" id="df7179f4-4ccf-4547-80bd-4c3ff57a5370">
    <Description>Это - параметры по умолчанию для локального тестового запуска.</Description>
    <Deployment enabled="false" runDeploymentRoot="user_USER-PC 2013-04-23 22_48_42">
      <DeploymentItem filename="i:\AutoTrade\AutoTrade.Tests\bin\Debug\Lib.Web.Mvc.dll" />
      <DeploymentItem filename="i:\AutoTrade\packages\Ninject.MVC3.3.0.0.6\lib\net40-full\Ninject.Web.Mvc.dll" />
      <DeploymentItem filename="i:\AutoTrade\packages\Microsoft.Web.Infrastructure.1.0.0.0\lib\net40\Microsoft.Web.Infrastructure.dll" />
      <DeploymentItem filename="i:\AutoTrade\packages\Moq.4.0.10827\lib\NET40\Moq.dll" />
      <DeploymentItem filename="i:\AutoTrade\packages\Ninject.Web.Common.3.0.0.7\lib\net40-full\Ninject.Web.Common.dll" />
      <DeploymentItem filename="i:\AutoTrade\AutoTrade.WebUI\bin\AutoTrade.WebUI.dll" />
      <DeploymentItem filename="i:\AutoTrade\AutoTrade.Domain\bin\Debug\AutoTrade.Domain.dll" />
      <DeploymentItem filename="i:\AutoTrade\AutoTrade.Tests\bin\Debug\EntityFramework.dll" />
      <DeploymentItem filename="i:\AutoTrade\packages\WebActivator.1.5.3\lib\net40\WebActivator.dll" />
      <DeploymentItem filename="i:\AutoTrade\packages\Ninject.3.0.1.10\lib\net40\Ninject.dll" />
    </Deployment>
    <Execution>
      <TestTypeSpecific />
      <AgentRule name="Execution Agents">
      </AgentRule>
    </Execution>
  </TestSettings>
  <Times creation="2013-04-23T22:48:42.4023437+03:00" queuing="2013-04-23T22:48:44.1611328+03:00" start="2013-04-23T22:48:44.3320312+03:00" finish="2013-04-23T22:48:45.7275390+03:00" />
  <ResultSummary outcome="Failed">
    <Counters total="2" executed="2" passed="1" error="0" failed="1" timeout="0" aborted="0" inconclusive="0" passedButRunAborted="0" notRunnable="0" notExecuted="0" disconnected="0" warning="0" completed="0" inProgress="0" pending="0" />
  </ResultSummary>
  <TestDefinitions>
    <UnitTest name="TestMethod1" storage="i:\autotrade\autotrade.tests\bin\debug\autotrade.tests.dll" id="c005e91d-c3db-93c5-b99e-68399b239535">
      <Execution id="4f80759f-78df-4c64-b638-67f626db8561" />
      <TestMethod codeBase="i:/AutoTrade/AutoTrade.Tests/bin/Debug/AutoTrade.Tests.DLL" adapterTypeName="Microsoft.VisualStudio.TestTools.TestTypes.Unit.UnitTestAdapter, Microsoft.VisualStudio.QualityTools.Tips.UnitTest.Adapter, Version=10.0.0.0, Culture=neutral, PublicKeyToken=b03f5f7f11d50a3a" className="AutoTrade.Tests.UnitTest1, AutoTrade.Tests, Version=1.0.0.0, Culture=neutral, PublicKeyToken=null" name="TestMethod1" />
    </UnitTest>
    <UnitTest name="CanEditBrand" storage="i:\autotrade\autotrade.tests\bin\debug\autotrade.tests.dll" id="58b97f67-958c-9ccc-9185-97af23951c9d">
      <Execution id="83b2c90e-c669-442e-b835-493fb9ab2279" />
      <TestMethod codeBase="i:/AutoTrade/AutoTrade.Tests/bin/Debug/AutoTrade.Tests.DLL" adapterTypeName="Microsoft.VisualStudio.TestTools.TestTypes.Unit.UnitTestAdapter, Microsoft.VisualStudio.QualityTools.Tips.UnitTest.Adapter, Version=10.0.0.0, Culture=neutral, PublicKeyToken=b03f5f7f11d50a3a" className="AutoTrade.Tests.AdminBrandControllerTest, AutoTrade.Tests, Version=1.0.0.0, Culture=neutral, PublicKeyToken=null" name="CanEditBrand" />
    </UnitTest>
  </TestDefinitions>
  <TestLists>
    <TestList name="Отсутствующие в списке результаты" id="8c84fa94-04c1-424b-9868-57a2d4851a1d" />
    <TestList name="Все загруженные результаты" id="19431567-8539-422a-85d7-44ee4e166bda" />
  </TestLists>
  <TestEntries>
    <TestEntry testId="58b97f67-958c-9ccc-9185-97af23951c9d" executionId="83b2c90e-c669-442e-b835-493fb9ab2279" testListId="8c84fa94-04c1-424b-9868-57a2d4851a1d" />
    <TestEntry testId="c005e91d-c3db-93c5-b99e-68399b239535" executionId="4f80759f-78df-4c64-b638-67f626db8561" testListId="8c84fa94-04c1-424b-9868-57a2d4851a1d" />
  </TestEntries>
  <Results>
    <UnitTestResult executionId="83b2c90e-c669-442e-b835-493fb9ab2279" testId="58b97f67-958c-9ccc-9185-97af23951c9d" testName="CanEditBrand" computerName="USER-PC" duration="00:00:00.7336111" startTime="2013-04-23T22:48:44.4033203+03:00" endTime="2013-04-23T22:48:45.6640625+03:00" testType="13cdc9d9-ddb5-4fa4-a97d-d965ccfc6d4b" outcome="Failed" testListId="8c84fa94-04c1-424b-9868-57a2d4851a1d" relativeResultsDirectory="83b2c90e-c669-442e-b835-493fb9ab2279">
      <Output>
        <ErrorInfo>
          <Message>Test method AutoTrade.Tests.AdminBrandControllerTest.CanEditBrand threw exception: 
System.NullReferenceException: Object reference not set to an instance of an object.</Message>
          <StackTrace>    at AutoTrade.Tests.AdminBrandControllerTest.CanEditBrand() in i:\AutoTrade\AutoTrade.Tests\AdminBrandControllerTest.cs:line 41
</StackTrace>
        </ErrorInfo>
      </Output>
    </UnitTestResult>
    <UnitTestResult executionId="4f80759f-78df-4c64-b638-67f626db8561" testId="c005e91d-c3db-93c5-b99e-68399b239535" testName="TestMethod1" computerName="USER-PC" duration="00:00:00.0003883" startTime="2013-04-23T22:48:45.6660156+03:00" endTime="2013-04-23T22:48:45.6796875+03:00" testType="13cdc9d9-ddb5-4fa4-a97d-d965ccfc6d4b" outcome="Passed" testListId="8c84fa94-04c1-424b-9868-57a2d4851a1d" relativeResultsDirectory="4f80759f-78df-4c64-b638-67f626db8561">
    </UnitTestResult>
  </Results>
</TestRun>