<?xml version="1.0" encoding="UTF-8"?>
<TestRun id="2339c757-f2c1-4520-9c70-be04d99e1760" name="user@USER-PC 2013-04-06 17:18:54" runUser="user-PC\user" xmlns="http://microsoft.com/schemas/VisualStudio/TeamTest/2010">
  <TestSettings name="Локальные" id="df7179f4-4ccf-4547-80bd-4c3ff57a5370">
    <Description>Это - параметры по умолчанию для локального тестового запуска.</Description>
    <Deployment enabled="false" runDeploymentRoot="user_USER-PC 2013-04-06 17_18_54">
      <DeploymentItem filename="i:\AutoTrade\packages\Ninject.MVC3.3.0.0.6\lib\net40-full\Ninject.Web.Mvc.dll" />
      <DeploymentItem filename="i:\AutoTrade\packages\Microsoft.Web.Infrastructure.1.0.0.0\lib\net40\Microsoft.Web.Infrastructure.dll" />
      <DeploymentItem filename="i:\AutoTrade\packages\Moq.4.0.10827\lib\NET40\Moq.dll" />
      <DeploymentItem filename="i:\AutoTrade\packages\EntityFramework.4.1.10331.0\lib\EntityFramework.dll" />
      <DeploymentItem filename="I:\AutoTrade\AutoTrade.Domain\bin\Debug\AutoTrade.Domain.dll" />
      <DeploymentItem filename="I:\AutoTrade\AutoTrade.WebUI\bin\AutoTrade.WebUI.dll" />
      <DeploymentItem filename="i:\AutoTrade\packages\WebActivator.1.5.3\lib\net40\WebActivator.dll" />
      <DeploymentItem filename="i:\AutoTrade\packages\Ninject.3.0.1.10\lib\net40\Ninject.dll" />
      <DeploymentItem filename="i:\AutoTrade\packages\Ninject.Web.Common.3.0.0.7\lib\net40-full\Ninject.Web.Common.dll" />
    </Deployment>
    <Execution>
      <TestTypeSpecific />
      <AgentRule name="Execution Agents">
      </AgentRule>
    </Execution>
  </TestSettings>
  <Times creation="2013-04-06T17:18:54.4121093+03:00" queuing="2013-04-06T17:18:54.4716796+03:00" start="2013-04-06T17:18:54.4902343+03:00" finish="2013-04-06T17:18:55.2119140+03:00" />
  <ResultSummary outcome="Completed">
    <Counters total="4" executed="4" passed="4" error="0" failed="0" timeout="0" aborted="0" inconclusive="0" passedButRunAborted="0" notRunnable="0" notExecuted="0" disconnected="0" warning="0" completed="0" inProgress="0" pending="0" />
  </ResultSummary>
  <TestDefinitions>
    <UnitTest name="CanPaging" storage="i:\autotrade\autotrade.tests\bin\debug\autotrade.tests.dll" id="b92d9c43-becc-4253-db34-e46e12ecb35e">
      <Execution id="e8be3a62-d9f9-4726-97b6-c22ec8bdf2b0" />
      <TestMethod codeBase="i:/AutoTrade/AutoTrade.Tests/bin/Debug/AutoTrade.Tests.DLL" adapterTypeName="Microsoft.VisualStudio.TestTools.TestTypes.Unit.UnitTestAdapter, Microsoft.VisualStudio.QualityTools.Tips.UnitTest.Adapter, Version=10.0.0.0, Culture=neutral, PublicKeyToken=b03f5f7f11d50a3a" className="AutoTrade.Tests.AutoModelControllerTest, AutoTrade.Tests, Version=1.0.0.0, Culture=neutral, PublicKeyToken=null" name="CanPaging" />
    </UnitTest>
    <UnitTest name="PageLinksTest" storage="i:\autotrade\autotrade.tests\bin\debug\autotrade.tests.dll" id="5623811e-0a4e-4d4e-2097-ce16999be2d5">
      <Execution id="76d39f21-e0d9-4421-af4f-e25ea4d74dec" />
      <TestMethod codeBase="i:/AutoTrade/AutoTrade.Tests/bin/Debug/AutoTrade.Tests.DLL" adapterTypeName="Microsoft.VisualStudio.TestTools.TestTypes.Unit.UnitTestAdapter, Microsoft.VisualStudio.QualityTools.Tips.UnitTest.Adapter, Version=10.0.0.0, Culture=neutral, PublicKeyToken=b03f5f7f11d50a3a" className="AutoTrade.Tests.PagingHelpersTest, AutoTrade.Tests, Version=1.0.0.0, Culture=neutral, PublicKeyToken=null" name="PageLinksTest" />
    </UnitTest>
    <UnitTest name="SendPagingViewModel" storage="i:\autotrade\autotrade.tests\bin\debug\autotrade.tests.dll" id="1ba15c9f-571a-a5e0-26b0-1d02d6334648">
      <Execution id="a2e9e9e6-eee1-4f11-b5bc-547be98cb52e" />
      <TestMethod codeBase="i:/AutoTrade/AutoTrade.Tests/bin/Debug/AutoTrade.Tests.DLL" adapterTypeName="Microsoft.VisualStudio.TestTools.TestTypes.Unit.UnitTestAdapter, Microsoft.VisualStudio.QualityTools.Tips.UnitTest.Adapter, Version=10.0.0.0, Culture=neutral, PublicKeyToken=b03f5f7f11d50a3a" className="AutoTrade.Tests.AutoModelControllerTest, AutoTrade.Tests, Version=1.0.0.0, Culture=neutral, PublicKeyToken=null" name="SendPagingViewModel" />
    </UnitTest>
    <UnitTest name="TestMethod1" storage="i:\autotrade\autotrade.tests\bin\debug\autotrade.tests.dll" id="c005e91d-c3db-93c5-b99e-68399b239535">
      <Execution id="be5c965d-d34f-417d-ad60-bcde76887540" />
      <TestMethod codeBase="i:/AutoTrade/AutoTrade.Tests/bin/Debug/AutoTrade.Tests.DLL" adapterTypeName="Microsoft.VisualStudio.TestTools.TestTypes.Unit.UnitTestAdapter, Microsoft.VisualStudio.QualityTools.Tips.UnitTest.Adapter, Version=10.0.0.0, Culture=neutral, PublicKeyToken=b03f5f7f11d50a3a" className="AutoTrade.Tests.UnitTest1, AutoTrade.Tests, Version=1.0.0.0, Culture=neutral, PublicKeyToken=null" name="TestMethod1" />
    </UnitTest>
  </TestDefinitions>
  <TestLists>
    <TestList name="Отсутствующие в списке результаты" id="8c84fa94-04c1-424b-9868-57a2d4851a1d" />
    <TestList name="Все загруженные результаты" id="19431567-8539-422a-85d7-44ee4e166bda" />
  </TestLists>
  <TestEntries>
    <TestEntry testId="1ba15c9f-571a-a5e0-26b0-1d02d6334648" executionId="a2e9e9e6-eee1-4f11-b5bc-547be98cb52e" testListId="8c84fa94-04c1-424b-9868-57a2d4851a1d" />
    <TestEntry testId="5623811e-0a4e-4d4e-2097-ce16999be2d5" executionId="76d39f21-e0d9-4421-af4f-e25ea4d74dec" testListId="8c84fa94-04c1-424b-9868-57a2d4851a1d" />
    <TestEntry testId="b92d9c43-becc-4253-db34-e46e12ecb35e" executionId="e8be3a62-d9f9-4726-97b6-c22ec8bdf2b0" testListId="8c84fa94-04c1-424b-9868-57a2d4851a1d" />
    <TestEntry testId="c005e91d-c3db-93c5-b99e-68399b239535" executionId="be5c965d-d34f-417d-ad60-bcde76887540" testListId="8c84fa94-04c1-424b-9868-57a2d4851a1d" />
  </TestEntries>
  <Results>
    <UnitTestResult executionId="a2e9e9e6-eee1-4f11-b5bc-547be98cb52e" testId="1ba15c9f-571a-a5e0-26b0-1d02d6334648" testName="SendPagingViewModel" computerName="USER-PC" duration="00:00:00.3152001" startTime="2013-04-06T17:18:54.5097656+03:00" endTime="2013-04-06T17:18:55.1171875+03:00" testType="13cdc9d9-ddb5-4fa4-a97d-d965ccfc6d4b" outcome="Passed" testListId="8c84fa94-04c1-424b-9868-57a2d4851a1d" relativeResultsDirectory="a2e9e9e6-eee1-4f11-b5bc-547be98cb52e">
    </UnitTestResult>
    <UnitTestResult executionId="76d39f21-e0d9-4421-af4f-e25ea4d74dec" testId="5623811e-0a4e-4d4e-2097-ce16999be2d5" testName="PageLinksTest" computerName="USER-PC" duration="00:00:00.0038384" startTime="2013-04-06T17:18:55.1201171+03:00" endTime="2013-04-06T17:18:55.1347656+03:00" testType="13cdc9d9-ddb5-4fa4-a97d-d965ccfc6d4b" outcome="Passed" testListId="8c84fa94-04c1-424b-9868-57a2d4851a1d" relativeResultsDirectory="76d39f21-e0d9-4421-af4f-e25ea4d74dec">
    </UnitTestResult>
    <UnitTestResult executionId="e8be3a62-d9f9-4726-97b6-c22ec8bdf2b0" testId="b92d9c43-becc-4253-db34-e46e12ecb35e" testName="CanPaging" computerName="USER-PC" duration="00:00:00.0083222" startTime="2013-04-06T17:18:55.1367187+03:00" endTime="2013-04-06T17:18:55.1572265+03:00" testType="13cdc9d9-ddb5-4fa4-a97d-d965ccfc6d4b" outcome="Passed" testListId="8c84fa94-04c1-424b-9868-57a2d4851a1d" relativeResultsDirectory="e8be3a62-d9f9-4726-97b6-c22ec8bdf2b0">
    </UnitTestResult>
    <UnitTestResult executionId="be5c965d-d34f-417d-ad60-bcde76887540" testId="c005e91d-c3db-93c5-b99e-68399b239535" testName="TestMethod1" computerName="USER-PC" duration="00:00:00.0004204" startTime="2013-04-06T17:18:55.1611328+03:00" endTime="2013-04-06T17:18:55.1708984+03:00" testType="13cdc9d9-ddb5-4fa4-a97d-d965ccfc6d4b" outcome="Passed" testListId="8c84fa94-04c1-424b-9868-57a2d4851a1d" relativeResultsDirectory="be5c965d-d34f-417d-ad60-bcde76887540">
    </UnitTestResult>
  </Results>
</TestRun>